2025-04-10 20:59:50,132 [INFO] ==================================================
2025-04-10 20:59:50,132 [INFO] Starting Hyperparameter Tuning for model_type='gru'
2025-04-10 20:59:50,132 [INFO] Number of trials: 50
2025-04-10 20:59:50,132 [INFO] Study name: orderbook_tuning
2025-04-10 20:59:50,132 [INFO] Storage: sqlite:///orderbook_tuning.db
2025-04-10 20:59:50,132 [INFO] Metric direction: minimize
2025-04-10 20:59:50,132 [INFO] ==================================================
2025-04-10 20:59:51,229 [INFO] Starting Trial 0 for model_type='gru'
2025-04-10 20:59:51,258 [INFO] Trial 0: Running train_workflow with params: {'X_path': 'D:\\Documents\\M2MO\\Trimestre 2\\Data science for industry\\Project\\data\\X_train.parquet', 'y_path': 'D:\\Documents\\M2MO\\Trimestre 2\\Data science for industry\\Project\\data\\y_train.parquet', 'val_split': 0.2, 'preprocessed_dir': 'D:\\Documents\\M2MO\\Trimestre 2\\Data science for industry\\Project\\preprocessed_data', 'checkpoint_dir': 'D:\\Documents\\M2MO\\Trimestre 2\\Data science for industry\\Project\\scripts\\checkpoints\\tuning\\trial_0', 'trial': <optuna.trial._trial.Trial object at 0x000001C906C237D0>, 'model_type': 'gru', 'chunk_size': 10000, 'epochs': 15, 'model_params': {'learning_rate': 0.0001006710786560768, 'batch_size': 2048, 'n_venues': 15, 'n_actions': 3, 'n_categories': 24}}
2025-04-10 21:09:21,020 [WARNING] Optimization interrupted by user.
2025-04-10 21:09:21,020 [INFO] 
==================================================
2025-04-10 21:09:21,020 [INFO] Optimization Finished.
2025-04-10 21:09:21,031 [INFO] Number of finished trials: 1
2025-04-10 21:09:21,040 [WARNING] No completed trials found in the study. Could not determine best trial.
2025-04-10 21:09:21,041 [INFO] ==================================================
2025-04-10 21:14:36,643 [INFO] ==================================================
2025-04-10 21:14:36,643 [INFO] Starting Hyperparameter Tuning for model_type='gru'
2025-04-10 21:14:36,643 [INFO] Number of trials: 50
2025-04-10 21:14:36,643 [INFO] Study name: orderbook_tuning
2025-04-10 21:14:36,643 [INFO] Storage: sqlite:///orderbook_tuning.db
2025-04-10 21:14:36,643 [INFO] Metric direction: minimize
2025-04-10 21:14:36,643 [INFO] ==================================================
2025-04-10 21:14:37,496 [INFO] Starting Trial 1 for model_type='gru'
2025-04-10 21:14:37,546 [INFO] Trial 1: Running train_workflow with params: {'X_path': 'D:\\Documents\\M2MO\\Trimestre 2\\Data science for industry\\Project\\data\\X_train.parquet', 'y_path': 'D:\\Documents\\M2MO\\Trimestre 2\\Data science for industry\\Project\\data\\y_train.parquet', 'val_split': 0.2, 'preprocessed_dir': 'D:\\Documents\\M2MO\\Trimestre 2\\Data science for industry\\Project\\preprocessed_data', 'checkpoint_dir': 'D:\\Documents\\M2MO\\Trimestre 2\\Data science for industry\\Project\\scripts\\checkpoints\\tuning\\trial_1', 'trial': <optuna.trial._trial.Trial object at 0x0000020CEF2FF470>, 'model_type': 'gru', 'chunk_size': 10000, 'epochs': 15, 'model_params': {'learning_rate': 1.257624036576534e-05, 'batch_size': 512, 'n_venues': 15, 'n_actions': 3, 'n_categories': 24, 'gru_units': 128, 'dense_units': 64}}
